\BOOKMARK [0][-]{section*.6}{\376\377\006\101\006\107\006\061\006\063\006\052\000\040\006\064\006\251\006\104\040\014\006\107\006\047}{}% 1
\BOOKMARK [0][-]{section*.7}{\376\377\006\101\006\107\006\061\006\063\006\052\000\040\006\054\006\057\006\110\006\104\040\014\006\107\006\047}{}% 2
\BOOKMARK [0][-]{section*.8}{\376\377\006\101\006\107\006\061\006\063\006\052\000\040\006\047\006\056\006\052\006\065\006\047\006\061\006\047\006\052}{}% 3
\BOOKMARK [0][-]{chapter.1}{\376\377\006\251\006\104\006\314\006\047\006\052\000\040\006\052\006\055\006\102\006\314\006\102}{}% 4
\BOOKMARK [1][-]{section.1.1}{\376\377\006\105\006\102\006\057\006\105\006\107}{chapter.1}% 5
\BOOKMARK [1][-]{section.1.2}{\376\377\006\050\006\314\006\047\006\106\000\040\006\105\006\063\006\046\006\104\006\107}{chapter.1}% 6
\BOOKMARK [1][-]{section.1.3}{\376\377\006\047\006\107\006\105\006\314\006\052\000\040\006\110\000\040\006\066\006\061\006\110\006\061\006\052\000\040\006\052\006\055\006\102\006\314\006\102}{chapter.1}% 7
\BOOKMARK [1][-]{section.1.4}{\376\377\006\251\006\047\006\061\006\050\006\061\006\057\006\107\006\047\006\314\000\040\006\064\006\106\006\047\006\063\006\047\006\314\006\314\000\040\006\251\006\110\006\061\000\040\006\251\006\057\006\107\006\047\006\314\000\040\006\251\006\047\006\106\006\047\006\104}{chapter.1}% 8
\BOOKMARK [1][-]{section.1.5}{\376\377\006\206\006\047\006\104\006\064\040\014\006\107\006\047\006\314\000\040\006\064\006\106\006\047\006\063\006\047\006\314\006\314\000\040\006\251\006\110\006\061\000\040\006\251\006\057\006\107\006\047\006\314\000\040\006\052\006\110\006\061\006\050\006\110}{chapter.1}% 9
\BOOKMARK [1][-]{section.1.6}{\376\377\006\047\006\107\006\057\006\047\006\101\000\040\006\052\006\055\006\102\006\314\006\102}{chapter.1}% 10
\BOOKMARK [1][-]{section.1.7}{\376\377\006\176\006\061\006\063\006\064\040\014\006\107\006\047\006\314\000\040\006\047\006\065\006\104\006\314\000\040\006\052\006\055\006\102\006\314\006\102}{chapter.1}% 11
\BOOKMARK [1][-]{section.1.8}{\376\377\006\101\006\061\006\066\006\314\006\047\006\052\000\040\006\110\000\040\006\105\006\055\006\057\006\110\006\057\006\314\006\052\040\014\006\107\006\047\006\314\000\040\006\052\006\055\006\102\006\314\006\102}{chapter.1}% 12
\BOOKMARK [1][-]{section.1.9}{\376\377\006\106\006\110\006\042\006\110\006\061\006\314\040\014\006\107\006\047\006\314\000\040\006\052\006\055\006\102\006\314\006\102}{chapter.1}% 13
\BOOKMARK [1][-]{section.1.10}{\376\377\006\061\006\110\006\064\000\040\006\052\006\055\006\102\006\314\006\102}{chapter.1}% 14
\BOOKMARK [1][-]{section.1.11}{\376\377\006\063\006\047\006\056\006\052\006\047\006\061\000\040\006\061\006\063\006\047\006\104\006\107}{chapter.1}% 15
\BOOKMARK [0][-]{chapter.2}{\376\377\006\105\006\050\006\047\006\106\006\314\000\040\006\106\006\070\006\061\006\314\000\040\006\110\000\040\006\176\006\314\006\064\006\314\006\106\006\107\000\040\006\176\006\230\006\110\006\107\006\064}{}% 16
\BOOKMARK [1][-]{section.2.1}{\376\377\006\105\006\102\006\057\006\105\006\107}{chapter.2}% 17
\BOOKMARK [1][-]{section.2.2}{\376\377\006\251\006\057\006\107\006\047\006\314\000\040\006\052\006\065\006\055\006\314\006\055\000\040\006\056\006\067\006\047}{chapter.2}% 18
\BOOKMARK [2][-]{subsection.2.2.1}{\376\377\006\105\006\101\006\107\006\110\006\105\000\040\006\251\006\057\006\257\006\060\006\047\006\061\006\314\000\040\006\251\006\047\006\106\006\047\006\104}{section.2.2}% 19
\BOOKMARK [1][-]{section.2.3}{\376\377\006\251\006\057\006\107\006\047\006\314\000\040\006\052\006\110\006\061\006\050\006\110}{chapter.2}% 20
\BOOKMARK [2][-]{subsection.2.3.1}{\376\377\006\052\006\047\006\061\006\314\006\056\006\206\006\107\000\040\006\110\000\040\006\052\006\251\006\047\006\105\006\104\000\040\006\251\006\057\006\107\006\047\006\314\000\040\006\052\006\110\006\061\006\050\006\110}{section.2.3}% 21
\BOOKMARK [2][-]{subsection.2.3.2}{\376\377\006\063\006\047\006\056\006\052\006\047\006\061\000\040\000T\000u\000r\000b\000o\000\040\000C\000o\000d\000e}{section.2.3}% 22
\BOOKMARK [2][-]{subsection.2.3.3}{\376\377\006\251\006\057\006\257\006\060\006\047\006\061\006\107\006\047\006\314\000\040\000R\000S\000C}{section.2.3}% 23
\BOOKMARK [2][-]{subsection.2.3.4}{\376\377\006\176\006\104\006\314\040\014\006\106\006\110\006\105\040\014\006\107\006\047\006\314\000\040\006\105\006\110\006\104\006\057}{section.2.3}% 24
\BOOKMARK [2][-]{subsection.2.3.5}{\376\377\006\055\006\047\006\101\006\070\006\107\000\040\006\110\000\040\006\055\006\047\006\104\006\052\040\014\006\107\006\047\006\314\000\040\006\251\006\057\006\257\006\060\006\047\006\061}{section.2.3}% 25
\BOOKMARK [2][-]{subsection.2.3.6}{\376\377\006\052\006\061\006\104\006\314\006\063\000\040\006\110\000\040\006\257\006\060\006\047\006\061\006\107\006\047\006\314\000\040\006\055\006\047\006\104\006\052}{section.2.3}% 26
\BOOKMARK [2][-]{subsection.2.3.7}{\376\377\006\056\006\047\006\052\006\105\006\107\000\040\006\052\006\061\006\104\006\314\006\063}{section.2.3}% 27
\BOOKMARK [2][-]{subsection.2.3.8}{\376\377\006\057\006\061\006\107\006\105\040\014\006\061\006\314\006\062\000\040\006\057\006\047\006\056\006\104\006\314}{section.2.3}% 28
\BOOKMARK [2][-]{subsection.2.3.9}{\376\377\006\057\006\061\006\107\006\105\040\014\006\061\006\314\006\062\000\040\006\056\006\047\006\061\006\054\006\314}{section.2.3}% 29
\BOOKMARK [2][-]{subsection.2.3.10}{\376\377\006\176\006\047\006\106\006\206\006\314\006\106\006\257\000\040\006\110\000\040\006\106\006\061\006\056\000\040\006\251\006\057}{section.2.3}% 30
\BOOKMARK [2][-]{subsection.2.3.11}{\376\377\006\063\006\047\006\056\006\052\006\047\006\061\000\040\006\063\006\061\006\314\006\047\006\104\006\314\000\040\006\056\006\061\006\110\006\054\006\314\000\040\006\251\006\057\000\040\006\052\006\110\006\061\006\050\006\110}{section.2.3}% 31
\BOOKMARK [1][-]{section.2.4}{\376\377\006\105\006\057\006\104\000\040\006\251\006\047\006\106\006\047\006\104\000\040\006\110\000\040\006\105\006\057\006\104\000\040\006\105\006\064\006\047\006\107\006\057\006\107}{chapter.2}% 32
\BOOKMARK [2][-]{subsection.2.4.1}{\376\377\006\251\006\047\006\106\006\047\006\104\000\040\000A\000W\000G\000N}{section.2.4}% 33
\BOOKMARK [2][-]{subsection.2.4.2}{\376\377\000B\000P\000S\000K}{section.2.4}% 34
\BOOKMARK [2][-]{subsection.2.4.3}{\376\377\006\042\006\064\006\251\006\047\006\061\006\063\006\047\006\062\006\314\000\040\006\063\006\056\006\052}{section.2.4}% 35
\BOOKMARK [2][-]{subsection.2.4.4}{\376\377\006\042\006\064\006\251\006\047\006\061\006\063\006\047\006\062\006\314\000\040\006\106\006\061\006\105}{section.2.4}% 36
\BOOKMARK [2][-]{subsection.2.4.5}{\376\377\006\105\006\057\006\104\000\040\006\251\006\047\006\106\006\047\006\104\000\040\006\105\006\071\006\047\006\057\006\104\000\040\000B\000S\000C}{section.2.4}% 37
\BOOKMARK [1][-]{section.2.5}{\376\377\006\105\006\101\006\107\006\110\006\105\000\040\006\064\006\106\006\047\006\063\006\047\006\314\006\314\000\040\006\251\006\110\006\061}{chapter.2}% 38
\BOOKMARK [1][-]{section.2.6}{\376\377\006\064\006\106\006\047\006\063\006\047\006\314\006\314\000\040\006\251\006\110\006\061\000\040\006\251\006\057\006\107\006\047\006\314\000\040\006\251\006\047\006\106\006\110\006\104\006\110\006\064\006\106\006\314}{chapter.2}% 39
\BOOKMARK [1][-]{section.2.7}{\376\377\006\064\006\106\006\047\006\063\006\047\006\314\006\314\000\040\006\251\006\110\006\061\000\040\006\251\006\057\006\107\006\047\006\314\000\040\006\052\006\110\006\061\006\050\006\110}{chapter.2}% 40
\BOOKMARK [2][-]{subsection.2.7.1}{\376\377\006\064\006\106\006\047\006\063\006\047\006\314\006\314\000\040\006\176\006\047\006\061\006\047\006\105\006\052\006\061\006\107\006\047\006\314\000\040\006\251\006\057\006\257\006\060\006\047\006\061}{section.2.7}% 41
\BOOKMARK [2][-]{subsection.2.7.2}{\376\377\006\050\006\047\006\062\006\314\006\047\006\050\006\314\000\040\006\176\006\104\006\314\040\014\006\106\006\110\006\105\040\014\006\107\006\047}{section.2.7}% 42
\BOOKMARK [2][-]{subsection.2.7.3}{\376\377\006\050\006\047\006\062\006\314\006\047\006\050\006\314\000\040\006\057\006\061\006\107\006\105\040\014\006\061\006\314\006\062}{section.2.7}% 43
\BOOKMARK [2][-]{subsection.2.7.4}{\376\377\006\052\006\064\006\056\006\314\006\065\000\040\006\106\006\061\006\056\000\040\006\251\006\057}{section.2.7}% 44
\BOOKMARK [2][-]{subsection.2.7.5}{\376\377\006\052\006\064\006\056\006\314\006\065\000\040\006\067\006\110\006\104\000\040\006\101\006\061\006\314\006\105}{section.2.7}% 45
\BOOKMARK [2][-]{subsection.2.7.6}{\376\377\006\052\006\064\006\056\006\314\006\065\000\040\006\055\006\047\006\101\006\070\006\107}{section.2.7}% 46
\BOOKMARK [2][-]{subsection.2.7.7}{\376\377\006\052\006\064\006\056\006\314\006\065\000\040\006\176\006\047\006\106\006\206\006\314\006\106\006\257}{section.2.7}% 47
\BOOKMARK [2][-]{subsection.2.7.8}{\376\377\006\107\006\105\006\062\006\105\006\047\006\106\040\014\006\063\006\047\006\062\006\314\000\040\006\110\000\040\006\052\006\071\006\314\006\314\006\106\000\040\006\105\006\061\006\062\000\040\006\101\006\061\006\314\006\105}{section.2.7}% 48
\BOOKMARK [1][-]{section.2.8}{\376\377\006\061\006\110\006\064\040\014\006\107\006\047\006\314\000\040\006\105\006\110\006\054\006\110\006\057\000\040\006\057\006\061\000\040\006\047\006\057\006\050\006\314\006\047\006\052}{chapter.2}% 49
\BOOKMARK [1][-]{section.2.9}{\376\377\006\064\006\251\006\047\006\101\000\040\006\176\006\230\006\110\006\107\006\064\006\314}{chapter.2}% 50
\BOOKMARK [0][-]{chapter.3}{\376\377\006\105\006\057\006\104\000\040\006\063\006\314\006\063\006\052\006\105\000\040\006\110\000\040\006\065\006\110\006\061\006\052\040\014\006\050\006\106\006\057\006\314\000\040\006\061\006\314\006\047\006\066\006\314\000\040\006\105\006\063\006\046\006\104\006\107}{}% 51
\BOOKMARK [1][-]{section.3.1}{\376\377\006\105\006\102\006\057\006\105\006\107}{chapter.3}% 52
\BOOKMARK [1][-]{section.3.2}{\376\377\006\063\006\047\006\056\006\052\006\047\006\061\000\040\006\071\006\105\006\110\006\105\006\314\000\040\006\251\006\057\000\040\006\052\006\110\006\061\006\050\006\110}{chapter.3}% 53
\BOOKMARK [1][-]{section.3.3}{\376\377\006\105\006\057\006\104\000\040\006\251\006\057\006\257\006\060\006\047\006\061\000\040\000R\000S\000C}{chapter.3}% 54
\BOOKMARK [2][-]{subsection.3.3.1}{\376\377\006\105\006\057\006\104\000\040\006\206\006\106\006\057\006\054\006\105\006\104\006\107\040\014\006\047\006\314}{section.3.3}% 55
\BOOKMARK [2][-]{subsection.3.3.2}{\376\377\006\052\006\047\006\050\006\071\000\040\006\047\006\106\006\052\006\102\006\047\006\104}{section.3.3}% 56
\BOOKMARK [2][-]{subsection.3.3.3}{\376\377\006\106\006\105\006\047\006\314\006\064\000\040\006\050\006\047\006\314\006\106\006\061\006\314\000\040\006\110\000\040\006\047\006\251\006\052\006\047\006\104}{section.3.3}% 57
\BOOKMARK [2][-]{subsection.3.3.4}{\376\377\006\105\006\071\006\047\006\057\006\104\006\047\006\052\000\040\006\050\006\047\006\062\006\257\006\064\006\052\006\314}{section.3.3}% 58
\BOOKMARK [1][-]{section.3.4}{\376\377\006\105\006\057\006\104\000\040\006\057\006\061\006\107\006\105\040\014\006\061\006\314\006\062\000\040\006\057\006\047\006\056\006\104\006\314}{chapter.3}% 59
\BOOKMARK [1][-]{section.3.5}{\376\377\006\105\006\057\006\104\000\040\006\057\006\061\006\107\006\105\040\014\006\061\006\314\006\062\000\040\006\056\006\047\006\061\006\054\006\314}{chapter.3}% 60
\BOOKMARK [1][-]{section.3.6}{\376\377\006\105\006\057\006\104\000\040\006\176\006\047\006\106\006\206\006\314\006\106\006\257}{chapter.3}% 61
\BOOKMARK [1][-]{section.3.7}{\376\377\006\105\006\057\006\104\000\040\006\056\006\047\006\052\006\105\006\107\000\040\006\052\006\061\006\104\006\314\006\063}{chapter.3}% 62
\BOOKMARK [1][-]{section.3.8}{\376\377\006\105\006\057\006\104\000\040\006\251\006\047\006\106\006\047\006\104}{chapter.3}% 63
\BOOKMARK [2][-]{subsection.3.8.1}{\376\377\000A\000W\000G\000N}{section.3.8}% 64
\BOOKMARK [2][-]{subsection.3.8.2}{\376\377\000B\000P\000S\000K}{section.3.8}% 65
\BOOKMARK [2][-]{subsection.3.8.3}{\376\377\000B\000S\000C\000\040\006\105\006\071\006\047\006\057\006\104}{section.3.8}% 66
\BOOKMARK [1][-]{section.3.9}{\376\377\006\105\006\057\006\104\000\040\006\057\006\061\006\314\006\047\006\101\006\052}{chapter.3}% 67
\BOOKMARK [1][-]{section.3.10}{\376\377\006\052\006\071\006\061\006\314\006\101\000\040\006\176\006\047\006\061\006\047\006\105\006\052\006\061\006\107\006\047\006\314\000\040\006\105\006\054\006\107\006\110\006\104}{chapter.3}% 68
\BOOKMARK [1][-]{section.3.11}{\376\377\006\052\006\071\006\061\006\314\006\101\000\040\006\105\006\063\006\046\006\104\006\107\000\040\006\050\006\047\006\062\006\063\006\047\006\062\006\314\000\040\006\251\006\110\006\061}{chapter.3}% 69
\BOOKMARK [0][-]{chapter.4}{\376\377\006\061\006\110\006\064\000\040\006\176\006\314\006\064\006\106\006\107\006\047\006\057\006\314\000\040\006\050\006\047\006\062\006\063\006\047\006\062\006\314\000\040\006\251\006\110\006\061\000\040\006\105\006\064\006\052\006\061\006\251}{}% 70
\BOOKMARK [1][-]{section.4.1}{\376\377\006\105\006\102\006\057\006\105\006\107}{chapter.4}% 71
\BOOKMARK [1][-]{section.4.2}{\376\377\006\047\006\314\006\057\006\107\000\040\006\047\006\065\006\104\006\314\000\040\006\061\006\110\006\064\000\040\006\176\006\314\006\064\006\106\006\107\006\047\006\057\006\314}{chapter.4}% 72
\BOOKMARK [1][-]{section.4.3}{\376\377\006\052\006\071\006\061\006\314\006\101\000\040\006\101\006\066\006\047\006\314\000\040\006\054\006\063\006\052\040\014\006\110\006\054\006\110}{chapter.4}% 73
\BOOKMARK [2][-]{subsection.4.3.1}{\376\377\006\101\006\066\006\047\006\314\000\040\006\176\006\104\006\314\040\014\006\106\006\110\006\105\040\014\006\107\006\047}{section.4.3}% 74
\BOOKMARK [2][-]{subsection.4.3.2}{\376\377\006\101\006\066\006\047\006\314\000\040\006\055\006\047\006\101\006\070\006\107}{section.4.3}% 75
\BOOKMARK [2][-]{subsection.4.3.3}{\376\377\006\101\006\066\006\047\006\314\000\040\006\057\006\061\006\107\006\105\040\014\006\061\006\314\006\062\006\107\006\047}{section.4.3}% 76
\BOOKMARK [2][-]{subsection.4.3.4}{\376\377\006\105\006\055\006\057\006\110\006\057\006\314\006\052\040\014\006\107\006\047\006\314\000\040\006\067\006\110\006\104\000\040\006\101\006\061\006\314\006\105}{section.4.3}% 77
\BOOKMARK [1][-]{section.4.4}{\376\377\006\047\006\063\006\052\006\056\006\061\006\047\006\054\000\040\006\102\006\314\006\110\006\057\000\040\006\054\006\050\006\061\006\314\000\040\000R\000S\000C}{chapter.4}% 78
\BOOKMARK [2][-]{subsection.4.4.1}{\376\377\006\061\006\047\006\050\006\067\006\107\000\040\000r\000e\000c\000u\000r\000s\000i\000v\000e}{section.4.4}% 79
\BOOKMARK [2][-]{subsection.4.4.2}{\376\377\006\102\006\314\006\110\006\057\000\040\000p\000a\000r\000i\000t\000y}{section.4.4}% 80
\BOOKMARK [2][-]{subsection.4.4.3}{\376\377\006\102\006\314\006\110\006\057\000\040\000p\000o\000l\000y\000n\000o\000m\000i\000a\000l\000\040\000r\000e\000a\000l\000i\000z\000a\000b\000i\000l\000i\000t\000y}{section.4.4}% 81
\BOOKMARK [1][-]{section.4.5}{\376\377\006\042\006\062\006\105\006\110\006\106\000\040\006\042\006\105\006\047\006\061\006\314\000\040\006\102\006\314\006\110\006\057}{chapter.4}% 82
\BOOKMARK [2][-]{subsection.4.5.1}{\376\377\006\047\006\055\006\052\006\105\006\047\006\104\000\040\006\050\006\061\006\102\006\061\006\047\006\061\006\314\000\040\000c\000o\000n\000s\000t\000r\000a\000i\000n\000t}{section.4.5}% 83
\BOOKMARK [2][-]{subsection.4.5.2}{\376\377\006\047\006\055\006\052\006\105\006\047\006\104\000\040\006\106\006\102\006\066\000\040\000c\000o\000n\000s\000t\000r\000a\000i\000n\000t}{section.4.5}% 84
\BOOKMARK [2][-]{subsection.4.5.3}{\376\377\006\105\006\057\006\104\000\040\000B\000i\000n\000o\000m\000i\000a\000l}{section.4.5}% 85
\BOOKMARK [2][-]{subsection.4.5.4}{\376\377\006\052\006\071\006\314\006\314\006\106\000\040\006\042\006\063\006\052\006\047\006\106\006\107\000\040\006\061\006\057}{section.4.5}% 86
\BOOKMARK [2][-]{subsection.4.5.5}{\376\377\006\251\006\106\006\052\006\061\006\104\000\040\006\047\006\055\006\052\006\105\006\047\006\104\000\040\006\176\006\060\006\314\006\061\006\064\000\040\006\251\006\047\006\060\006\050}{section.4.5}% 87
\BOOKMARK [1][-]{section.4.6}{\376\377\006\105\006\071\006\105\006\047\006\061\006\314\000\040\006\054\006\063\006\052\040\014\006\110\006\054\006\110\006\314\000\040\006\057\006\061\006\056\006\052\006\314}{chapter.4}% 88
\BOOKMARK [2][-]{subsection.4.6.1}{\376\377\006\052\006\071\006\061\006\314\006\101\000\040\000N\000o\000d\000e}{section.4.6}% 89
\BOOKMARK [2][-]{subsection.4.6.2}{\376\377\006\052\006\071\006\061\006\314\006\101\000\040\000D\000e\000p\000t\000h}{section.4.6}% 90
\BOOKMARK [2][-]{subsection.4.6.3}{\376\377\006\052\006\071\006\061\006\314\006\101\000\040\000H\000y\000p\000o\000t\000h\000e\000s\000i\000s}{section.4.6}% 91
\BOOKMARK [2][-]{subsection.4.6.4}{\376\377\000P\000r\000i\000o\000r\000i\000t\000y\000\040\000Q\000u\000e\000u\000e}{section.4.6}% 92
\BOOKMARK [2][-]{subsection.4.6.5}{\376\377\000B\000e\000s\000t\000-\000f\000i\000r\000s\000t\000\040\000S\000e\000a\000r\000c\000h}{section.4.6}% 93
\BOOKMARK [1][-]{section.4.7}{\376\377\006\101\006\047\006\062\000\040\006\047\006\110\006\104\000\040\006\050\006\047\006\062\006\063\006\047\006\062\006\314}{chapter.4}% 94
\BOOKMARK [2][-]{subsection.4.7.1}{\376\377\006\050\006\047\006\062\006\063\006\047\006\062\006\314\000\040\000U\0001}{section.4.7}% 95
\BOOKMARK [2][-]{subsection.4.7.2}{\376\377\006\050\006\047\006\062\006\063\006\047\006\062\006\314\000\040\000P\0001}{section.4.7}% 96
\BOOKMARK [2][-]{subsection.4.7.3}{\376\377\006\050\006\047\006\062\006\063\006\047\006\062\006\314\000\040\000q\000\050\000D\000\051}{section.4.7}% 97
\BOOKMARK [2][-]{subsection.4.7.4}{\376\377\006\047\006\063\006\052\006\056\006\061\006\047\006\054\000\040\000g\0000\000\050\000D\000\051}{section.4.7}% 98
\BOOKMARK [2][-]{subsection.4.7.5}{\376\377\006\047\006\063\006\052\006\056\006\061\006\047\006\054\000\040\000g\0001\000\050\000D\000\051}{section.4.7}% 99
\BOOKMARK [2][-]{subsection.4.7.6}{\376\377\006\052\006\071\006\314\006\314\006\106\000\040\006\055\006\047\006\101\006\070\006\107\000\040\000m}{section.4.7}% 100
\BOOKMARK [2][-]{subsection.4.7.7}{\376\377\006\251\006\106\006\052\006\061\006\104\000\040\006\067\006\110\006\104\000\040\006\101\006\061\006\314\006\105}{section.4.7}% 101
\BOOKMARK [1][-]{section.4.8}{\376\377\006\101\006\047\006\062\000\040\006\057\006\110\006\105\000\040\006\050\006\047\006\062\006\063\006\047\006\062\006\314}{chapter.4}% 102
\BOOKMARK [2][-]{subsection.4.8.1}{\376\377\006\050\006\047\006\062\006\063\006\047\006\062\006\314\000\040\000U\0002}{section.4.8}% 103
\BOOKMARK [2][-]{subsection.4.8.2}{\376\377\006\050\006\047\006\062\006\063\006\047\006\062\006\314\000\040\000P\0002}{section.4.8}% 104
\BOOKMARK [2][-]{subsection.4.8.3}{\376\377\006\102\006\314\006\110\006\057\000\040\000i\000n\000t\000e\000r\000l\000e\000a\000v\000e\000r}{section.4.8}% 105
\BOOKMARK [2][-]{subsection.4.8.4}{\376\377\006\050\006\047\006\062\006\314\006\047\006\050\006\314\000\040\000i}{section.4.8}% 106
\BOOKMARK [2][-]{subsection.4.8.5}{\376\377\006\050\006\047\006\062\006\314\006\047\006\050\006\314\000\040\000o}{section.4.8}% 107
\BOOKMARK [1][-]{section.4.9}{\376\377\006\061\006\047\006\107\006\050\006\061\006\057\006\107\006\047\006\314\000\040\000P\000r\000u\000n\000i\000n\000g}{chapter.4}% 108
\BOOKMARK [2][-]{subsection.4.9.1}{\376\377\000P\000a\000r\000i\000t\000y\000-\000c\000o\000n\000s\000i\000s\000t\000e\000n\000c\000y}{section.4.9}% 109
\BOOKMARK [2][-]{subsection.4.9.2}{\376\377\000P\000o\000l\000y\000n\000o\000m\000i\000a\000l\000\040\000r\000e\000a\000l\000i\000z\000a\000b\000i\000l\000i\000t\000y}{section.4.9}% 110
\BOOKMARK [2][-]{subsection.4.9.3}{\376\377\000I\000n\000t\000e\000r\000l\000e\000a\000v\000e\000r\000\040\000c\000o\000n\000s\000i\000s\000t\000e\000n\000c\000y}{section.4.9}% 111
\BOOKMARK [2][-]{subsection.4.9.4}{\376\377\000E\000n\000c\000o\000d\000e\000r\000-\000d\000o\000m\000a\000i\000n\000\040\000c\000o\000n\000s\000t\000r\000a\000i\000n\000t}{section.4.9}% 112
\BOOKMARK [2][-]{subsection.4.9.5}{\376\377\000H\000e\000u\000r\000i\000s\000t\000i\000c\000\040\000p\000r\000u\000n\000i\000n\000g}{section.4.9}% 113
\BOOKMARK [1][-]{section.4.10}{\376\377\006\047\006\104\006\257\006\110\006\061\006\314\006\052\006\105\000\040\006\106\006\107\006\047\006\314\006\314}{chapter.4}% 114
\BOOKMARK [1][-]{section.4.11}{\376\377\006\052\006\055\006\104\006\314\006\104\000\040\006\057\006\061\006\063\006\052\006\314\000\040\006\047\006\104\006\257\006\110\006\061\006\314\006\052\006\105}{chapter.4}% 115
\BOOKMARK [2][-]{subsection.4.11.1}{\376\377\006\064\006\061\006\067\000\040\006\104\006\047\006\062\006\105}{section.4.11}% 116
\BOOKMARK [2][-]{subsection.4.11.2}{\376\377\006\064\006\061\006\067\000\040\006\251\006\047\006\101\006\314}{section.4.11}% 117
\BOOKMARK [2][-]{subsection.4.11.3}{\376\377\006\047\006\055\006\052\006\105\006\047\006\104\000\040\006\055\006\060\006\101\000\040\006\054\006\110\006\047\006\050\000\040\006\110\006\047\006\102\006\071\006\314}{section.4.11}% 118
\BOOKMARK [2][-]{subsection.4.11.4}{\376\377\006\047\006\055\006\052\006\105\006\047\006\104\000\040\006\176\006\060\006\314\006\061\006\064\000\040\006\054\006\110\006\047\006\050\000\040\006\251\006\047\006\060\006\050}{section.4.11}% 119
\BOOKMARK [2][-]{subsection.4.11.5}{\376\377\006\251\006\047\006\105\006\104\000\040\006\050\006\110\006\057\006\106\000\040\006\314\006\047\000\040\006\071\006\057\006\105\000\040\006\251\006\047\006\105\006\104\000\040\006\050\006\110\006\057\006\106\000\040\006\054\006\063\006\052\040\014\006\110\006\054\006\110}{section.4.11}% 120
\BOOKMARK [0][-]{chapter.5}{\376\377\006\052\006\055\006\104\006\314\006\104\000\040\006\106\006\070\006\061\006\314\000\040\006\110\000\040\006\176\006\314\006\206\006\314\006\057\006\257\006\314\000\040\006\105\006\055\006\047\006\063\006\050\006\047\006\052\006\314}{}% 121
\BOOKMARK [1][-]{section.5.1}{\376\377\006\105\006\102\006\057\006\105\006\107}{chapter.5}% 122
\BOOKMARK [1][-]{section.5.2}{\376\377\006\176\006\314\006\206\006\314\006\057\006\257\006\314\000\040\006\101\006\066\006\047\006\314\000\040\006\054\006\063\006\052\040\014\006\110\006\054\006\110\006\314\000\040\006\251\006\047\006\105\006\104}{chapter.5}% 123
\BOOKMARK [1][-]{section.5.3}{\376\377\006\176\006\314\006\206\006\314\006\057\006\257\006\314\000\040\006\055\006\047\006\104\006\052\000\040\000b\000r\000u\000t\000e\000-\000f\000o\000r\000c\000e}{chapter.5}% 124
\BOOKMARK [1][-]{section.5.4}{\376\377\006\176\006\314\006\206\006\314\006\057\006\257\006\314\000\040\006\054\006\063\006\052\040\014\006\110\006\054\006\110\006\314\000\040\006\105\006\055\006\057\006\110\006\057\006\064\006\057\006\107}{chapter.5}% 125
\BOOKMARK [1][-]{section.5.5}{\376\377\006\052\006\055\006\104\006\314\006\104\000\040\000B\000r\000a\000n\000c\000h\000i\000n\000g\000\040\000F\000a\000c\000t\000o\000r}{chapter.5}% 126
\BOOKMARK [1][-]{section.5.6}{\376\377\006\047\006\053\006\061\000\040\006\102\006\314\006\110\006\057\000\040\006\050\006\061\000\040\006\251\006\047\006\107\006\064\000\040\006\101\006\066\006\047\006\314\000\040\006\054\006\063\006\052\040\014\006\110\006\054\006\110}{chapter.5}% 127
\BOOKMARK [1][-]{section.5.7}{\376\377\006\061\006\047\006\050\006\067\006\107\000\040\006\176\006\314\006\206\006\314\006\057\006\257\006\314\000\040\006\050\006\047\000\040\006\106\006\110\006\314\006\062}{chapter.5}% 128
\BOOKMARK [1][-]{section.5.8}{\376\377\006\047\006\053\006\061\000\040\006\055\006\047\006\101\006\070\006\107\000\040\006\251\006\057\006\257\006\060\006\047\006\061}{chapter.5}% 129
\BOOKMARK [1][-]{section.5.9}{\376\377\006\047\006\053\006\061\000\040\006\067\006\110\006\104\000\040\000i\000n\000t\000e\000r\000l\000e\000a\000v\000e\000r}{chapter.5}% 130
\BOOKMARK [1][-]{section.5.10}{\376\377\006\052\006\055\006\104\006\314\006\104\000\040\006\062\006\105\006\047\006\106\000\040\006\047\006\054\006\061\006\047}{chapter.5}% 131
\BOOKMARK [1][-]{section.5.11}{\376\377\006\251\006\061\006\047\006\106\040\014\006\107\006\047\006\314\000\040\006\071\006\105\006\104\006\314\000\040\006\061\006\110\006\064}{chapter.5}% 132
\BOOKMARK [0][-]{chapter.6}{\376\377\006\106\006\052\006\047\006\314\006\054\000\040\006\064\006\050\006\314\006\107\040\014\006\063\006\047\006\062\006\314\000\040\006\110\000\040\006\047\006\061\006\062\006\314\006\047\006\050\006\314\000\040\006\071\006\105\006\104\006\251\006\061\006\057}{}% 133
\BOOKMARK [1][-]{section.6.1}{\376\377\006\105\006\055\006\314\006\067\000\040\006\064\006\050\006\314\006\107\040\014\006\063\006\047\006\062\006\314}{chapter.6}% 134
\BOOKMARK [1][-]{section.6.2}{\376\377\006\176\006\047\006\061\006\047\006\105\006\052\006\061\006\107\006\047\006\314\000\040\006\064\006\050\006\314\006\107\040\014\006\063\006\047\006\062\006\314}{chapter.6}% 135
\BOOKMARK [1][-]{section.6.3}{\376\377\006\105\006\071\006\314\006\047\006\061\006\107\006\047\006\314\000\040\006\047\006\061\006\062\006\314\006\047\006\050\006\314}{chapter.6}% 136
\BOOKMARK [2][-]{subsection.6.3.1}{\376\377\000R\000e\000c\000o\000n\000s\000t\000r\000u\000c\000t\000i\000o\000n\000\040\000S\000u\000c\000c\000e\000s\000s\000\040\000R\000a\000t\000e}{section.6.3}% 137
\BOOKMARK [2][-]{subsection.6.3.2}{\376\377\000F\000a\000l\000s\000e\000\040\000R\000e\000c\000o\000n\000s\000t\000r\000u\000c\000t\000i\000o\000n\000\040\000R\000a\000t\000e}{section.6.3}% 138
\BOOKMARK [2][-]{subsection.6.3.3}{\376\377\000N\000u\000m\000b\000e\000r\000\040\000o\000f\000\040\000a\000d\000m\000i\000s\000s\000i\000b\000l\000e\000\040\000s\000o\000l\000u\000t\000i\000o\000n\000s}{section.6.3}% 139
\BOOKMARK [2][-]{subsection.6.3.4}{\376\377\000S\000t\000r\000u\000c\000t\000u\000r\000a\000l\000\040\000d\000i\000s\000t\000a\000n\000c\000e}{section.6.3}% 140
\BOOKMARK [2][-]{subsection.6.3.5}{\376\377\000R\000u\000n\000t\000i\000m\000e}{section.6.3}% 141
\BOOKMARK [2][-]{subsection.6.3.6}{\376\377\000N\000u\000m\000b\000e\000r\000\040\000o\000f\000\040\000e\000x\000p\000a\000n\000d\000e\000d\000\040\000n\000o\000d\000e\000s}{section.6.3}% 142
\BOOKMARK [2][-]{subsection.6.3.7}{\376\377\000N\000u\000m\000b\000e\000r\000\040\000o\000f\000\040\000p\000r\000u\000n\000e\000d\000\040\000n\000o\000d\000e\000s}{section.6.3}% 143
\BOOKMARK [1][-]{section.6.4}{\376\377\006\047\006\053\006\061\000\040\000S\000N\000R\000\040\000/\000\040\000P\000b}{chapter.6}% 144
\BOOKMARK [1][-]{section.6.5}{\376\377\006\047\006\053\006\061\000\040\006\067\006\110\006\104\000\040\000i\000n\000t\000e\000r\000l\000e\000a\000v\000e\000r}{chapter.6}% 145
\BOOKMARK [1][-]{section.6.6}{\376\377\006\047\006\053\006\061\000\040\006\055\006\047\006\101\006\070\006\107\000\040\006\251\006\057\006\257\006\060\006\047\006\061}{chapter.6}% 146
\BOOKMARK [1][-]{section.6.7}{\376\377\006\047\006\053\006\061\000\040\006\052\006\071\006\057\006\047\006\057\000\040\006\101\006\061\006\314\006\105\040\014\006\107\006\047\006\314\000\040\006\057\006\061\006\314\006\047\006\101\006\052\006\314}{chapter.6}% 147
\BOOKMARK [1][-]{section.6.8}{\376\377\006\047\006\053\006\061\000\040\000t\000e\000r\000m\000i\000n\000a\000t\000i\000o\000n}{chapter.6}% 148
\BOOKMARK [1][-]{section.6.9}{\376\377\006\047\006\053\006\061\000\040\006\106\006\110\006\071\000\040\000i\000n\000t\000e\000r\000l\000e\000a\000v\000e\000r}{chapter.6}% 149
\BOOKMARK [1][-]{section.6.10}{\376\377\006\047\006\053\006\061\000\040\000h\000a\000r\000d\000\040\006\110\000\040\000s\000o\000f\000t\000\040\000o\000b\000s\000e\000r\000v\000a\000t\000i\000o\000n}{chapter.6}% 150
\BOOKMARK [1][-]{section.6.11}{\376\377\006\052\006\055\006\104\006\314\006\104\000\040\000a\000m\000b\000i\000g\000u\000i\000t\000y}{chapter.6}% 151
\BOOKMARK [1][-]{section.6.12}{\376\377\006\105\006\102\006\047\006\314\006\063\006\107\000\040\006\050\006\047\000\040\006\061\006\110\006\064\040\014\006\107\006\047\006\314\000\040\006\105\006\110\006\054\006\110\006\057}{chapter.6}% 152
\BOOKMARK [1][-]{section.6.13}{\376\377\006\052\006\055\006\104\006\314\006\104\000\040\006\042\006\105\006\047\006\061\006\314\000\040\000M\000o\000n\000t\000e\000\040\000C\000a\000r\000l\000o}{chapter.6}% 153
\BOOKMARK [1][-]{section.6.14}{\376\377\006\050\006\055\006\053\000\040\006\106\006\052\006\047\006\314\006\054}{chapter.6}% 154
\BOOKMARK [0][-]{chapter.7}{\376\377\006\052\006\110\006\063\006\071\006\107\000\040\006\061\006\110\006\064\000\040\006\176\006\314\006\064\006\106\006\107\006\047\006\057\006\314\000\040\006\110\000\040\006\105\006\067\006\047\006\104\006\071\006\047\006\052\000\040\006\052\006\251\006\105\006\314\006\104\006\314}{}% 155
\BOOKMARK [1][-]{section.7.1}{\376\377\006\105\006\102\006\057\006\105\006\107}{chapter.7}% 156
\BOOKMARK [1][-]{section.7.2}{\376\377\006\050\006\047\006\062\006\063\006\047\006\062\006\314\000\040\006\057\006\061\000\040\006\064\006\061\006\047\006\314\006\067\000\040\006\071\006\057\006\105\000\040\006\107\006\105\006\062\006\105\006\047\006\106\006\314}{chapter.7}% 157
\BOOKMARK [1][-]{section.7.3}{\376\377\006\052\006\056\006\105\006\314\006\106\000\040\006\067\006\110\006\104\000\040\006\101\006\061\006\314\006\105\000\040\006\106\006\047\006\064\006\106\006\047\006\056\006\052\006\107}{chapter.7}% 158
\BOOKMARK [1][-]{section.7.4}{\376\377\006\052\006\056\006\105\006\314\006\106\000\040\006\106\006\061\006\056\000\040\006\251\006\057}{chapter.7}% 159
\BOOKMARK [1][-]{section.7.5}{\376\377\006\050\006\047\006\062\006\063\006\047\006\062\006\314\000\040\006\052\006\055\006\052\000\040\000p\000u\000n\000c\000t\000u\000r\000i\000n\000g\000\040\006\106\006\047\006\064\006\106\006\047\006\056\006\052\006\107}{chapter.7}% 160
\BOOKMARK [1][-]{section.7.6}{\376\377\006\050\006\047\006\062\006\063\006\047\006\062\006\314\000\040\006\050\006\047\000\040\000s\000o\000f\000t\000\040\000i\000n\000f\000o\000r\000m\000a\000t\000i\000o\000n}{chapter.7}% 161
\BOOKMARK [1][-]{section.7.7}{\376\377\006\050\006\047\006\062\006\063\006\047\006\062\006\314\000\040\006\050\006\047\000\040\006\052\006\071\006\057\006\047\006\057\000\040\006\101\006\061\006\314\006\105\000\040\006\105\006\055\006\057\006\110\006\057}{chapter.7}% 162
\BOOKMARK [1][-]{section.7.8}{\376\377\006\050\006\047\006\062\006\063\006\047\006\062\006\314\000\040\006\057\006\061\000\040\006\064\006\061\006\047\006\314\006\067\000\040\006\251\006\047\006\106\006\047\006\104\000\040\006\105\006\052\006\072\006\314\006\061}{chapter.7}% 163
\BOOKMARK [1][-]{section.7.9}{\376\377\006\047\006\063\006\052\006\101\006\047\006\057\006\107\000\040\006\047\006\062\000\040\006\061\006\110\006\064\040\014\006\107\006\047\006\314\000\040\006\107\006\110\006\064\006\105\006\106\006\057\000\040\006\050\006\061\006\047\006\314\000\040\006\107\006\057\006\047\006\314\006\052\000\040\006\054\006\063\006\052\040\014\006\110\006\054\006\110}{chapter.7}% 164
\BOOKMARK [1][-]{section.7.10}{\376\377\006\105\006\102\006\047\006\314\006\063\006\107\000\040\000B\000e\000s\000t\000-\000f\000i\000r\000s\000t\006\014\000\040\000B\000e\000a\000m\000\040\000S\000e\000a\000r\000c\000h\000\040\006\110\000\040\006\061\006\110\006\064\040\014\006\107\006\047\006\314\000\040\006\057\006\314\006\257\006\061}{chapter.7}% 165
\BOOKMARK [1][-]{section.7.11}{\376\377\006\047\006\105\006\251\006\047\006\106\000\040\006\047\006\063\006\052\006\101\006\047\006\057\006\107\000\040\006\047\006\062\000\040\006\314\006\047\006\057\006\257\006\314\006\061\006\314\000\040\006\105\006\047\006\064\006\314\006\106\000\040\006\050\006\061\006\047\006\314\000\040\000p\000r\000u\000n\000i\000n\000g}{chapter.7}% 166
\BOOKMARK [0][-]{chapter.8}{\376\377\006\054\006\105\006\071\040\014\006\050\006\106\006\057\006\314\000\040\006\110\000\040\006\176\006\314\006\064\006\106\006\107\006\047\006\057\006\107\006\047\006\314\000\040\006\042\006\314\006\106\006\057\006\107}{}% 167
\BOOKMARK [1][-]{section.8.1}{\376\377\006\054\006\105\006\071\040\014\006\050\006\106\006\057\006\314\000\040\006\052\006\055\006\102\006\314\006\102}{chapter.8}% 168
\BOOKMARK [1][-]{section.8.2}{\376\377\006\057\006\063\006\052\006\047\006\110\006\061\006\057\006\107\006\047\006\314\000\040\006\047\006\065\006\104\006\314}{chapter.8}% 169
\BOOKMARK [1][-]{section.8.3}{\376\377\006\176\006\047\006\063\006\056\000\040\006\050\006\107\000\040\006\176\006\061\006\063\006\064\040\014\006\107\006\047\006\314\000\040\006\052\006\055\006\102\006\314\006\102}{chapter.8}% 170
\BOOKMARK [1][-]{section.8.4}{\376\377\006\105\006\055\006\057\006\110\006\057\006\314\006\052\040\014\006\107\006\047\006\314\000\040\006\061\006\110\006\064}{chapter.8}% 171
\BOOKMARK [1][-]{section.8.5}{\376\377\006\251\006\047\006\061\006\050\006\061\006\057\006\107\006\047\006\314\000\040\006\071\006\105\006\104\006\314}{chapter.8}% 172
\BOOKMARK [1][-]{section.8.6}{\376\377\006\105\006\063\006\314\006\061\006\107\006\047\006\314\000\040\006\176\006\230\006\110\006\107\006\064\006\314\000\040\006\042\006\314\006\106\006\057\006\107}{chapter.8}% 173
\BOOKMARK [0][-]{chapter*.12}{\376\377\006\105\006\106\006\047\006\050\006\071\000\040\006\071\006\104\006\105\006\314}{}% 174
\BOOKMARK [0][-]{section*.13}{\376\377\006\110\006\047\006\230\006\107\040\014\006\106\006\047\006\105\006\107\006\124\000\040\006\101\006\047\006\061\006\063\006\314\000\040\006\050\006\107\000\040\006\047\006\106\006\257\006\104\006\314\006\063\006\314}{}% 175
\BOOKMARK [0][-]{section*.17}{\376\377\006\110\006\047\006\230\006\107\040\014\006\106\006\047\006\105\006\107\006\124\000\040\006\047\006\106\006\257\006\104\006\314\006\063\006\314\000\040\006\050\006\107\000\040\006\101\006\047\006\061\006\063\006\314}{}% 176
\BOOKMARK [0][-]{appendix.Alph1}{\376\377\006\105\006\067\006\047\006\104\006\050\000\040\006\052\006\251\006\105\006\314\006\104\006\314\000\040\006\106\006\070\006\061\006\314}{}% 177
\BOOKMARK [0][-]{appendix.Alph2}{\376\377\006\054\006\057\006\047\006\110\006\104\000\040\006\110\000\040\006\106\006\052\006\047\006\314\006\054\000\040\006\052\006\251\006\105\006\314\006\104\006\314}{}% 178
\BOOKMARK [0][-]{appendix.Alph3}{\376\377\006\054\006\062\006\046\006\314\006\047\006\052\000\040\006\047\006\104\006\257\006\110\006\061\006\314\006\052\006\105\006\314\000\040\006\110\000\040\006\176\006\314\006\047\006\057\006\107\040\014\006\063\006\047\006\062\006\314}{}% 179
